   1:7>C:\HocTap\CaNhan\AgriLink_DH\AgriLink_DH.Tests\Services\CropSeasonServiceTests.cs(43,92): error CS0117: 'SeasonStatus' does not contain a definition for 'Completed' [C:\HocTap\CaNhan\AgriLink_DH\AgriLink_DH.Tests\AgriLink_DH.Tests.csproj]
   1:7>C:\HocTap\CaNhan\AgriLink_DH\AgriLink_DH.Tests\Services\CropSeasonServiceTests.cs(46,43): error CS0854: An expression tree may not contain a call or invocation that uses optional arguments [C:\HocTap\CaNhan\AgriLink_DH\AgriLink_DH.Tests\AgriLink_DH.Tests.csproj]
   1:7>C:\HocTap\CaNhan\AgriLink_DH\AgriLink_DH.Tests\Services\CropSeasonServiceTests.cs(79,22): error CS1503: Argument 1: cannot convert from 'System.Threading.Tasks.Task' to 'System.Threading.Tasks.Task<AgriLink_DH.Domain.Models.CropSeason>' [C:\HocTap\CaNhan\AgriLink_DH\AgriLink_DH.Tests\AgriLink_DH.Tests.csproj]
   1:7>C:\HocTap\CaNhan\AgriLink_DH\AgriLink_DH.Tests\Services\CropSeasonServiceTests.cs(72,43): error CS0854: An expression tree may not contain a call or invocation that uses optional arguments [C:\HocTap\CaNhan\AgriLink_DH\AgriLink_DH.Tests\AgriLink_DH.Tests.csproj]
   1:7>C:\HocTap\CaNhan\AgriLink_DH\AgriLink_DH.Tests\Services\CropSeasonServiceTests.cs(75,46): error CS0854: An expression tree may not contain a call or invocation that uses optional arguments [C:\HocTap\CaNhan\AgriLink_DH\AgriLink_DH.Tests\AgriLink_DH.Tests.csproj]
   1:7>C:\HocTap\CaNhan\AgriLink_DH\AgriLink_DH.Tests\Services\CropSeasonServiceTests.cs(78,43): error CS0854: An expression tree may not contain a call or invocation that uses optional arguments [C:\HocTap\CaNhan\AgriLink_DH\AgriLink_DH.Tests\AgriLink_DH.Tests.csproj]
   1:7>C:\HocTap\CaNhan\AgriLink_DH\AgriLink_DH.Tests\Services\CropSeasonServiceTests.cs(89,44): error CS0854: An expression tree may not contain a call or invocation that uses optional arguments [C:\HocTap\CaNhan\AgriLink_DH\AgriLink_DH.Tests\AgriLink_DH.Tests.csproj]
   1:7>C:\HocTap\CaNhan\AgriLink_DH\AgriLink_DH.Tests\Services\CropSeasonServiceTests.cs(99,43): error CS0854: An expression tree may not contain a call or invocation that uses optional arguments [C:\HocTap\CaNhan\AgriLink_DH\AgriLink_DH.Tests\AgriLink_DH.Tests.csproj]
